// Jest Snapshot v1, https://goo.gl/fbAQLP

exports[`ICO reading reads ICO file 1`] = `
Object {
  "iconDir": Object {
    "count": 2,
    "entries": Array [
      Object {
        "bitCount": 32,
        "bytesInResource": 1128,
        "colorCount": 0,
        "height": 16,
        "imageOffset": 38,
        "planes": 1,
        "reserved": 0,
        "width": 16,
      },
      Object {
        "bitCount": 32,
        "bytesInResource": 4264,
        "colorCount": 0,
        "height": 32,
        "imageOffset": 1166,
        "planes": 1,
        "reserved": 0,
        "width": 32,
      },
    ],
    "reserved": 0,
    "type": 1,
  },
  "images": Array [
    Object {
      "data": Object {},
      "header": Object {
        "bitCount": 32,
        "clrImportant": 0,
        "clrUsed": 0,
        "compression": 0,
        "height": 32,
        "planes": 1,
        "size": 40,
        "sizeImage": 0,
        "width": 16,
        "xPelsPerMeter": 0,
        "yPelsPerMeter": 0,
      },
    },
  ],
}
`;
