// Jest Snapshot v1, https://goo.gl/fbAQLP

exports[`TORRENT reading reads TORRENT file 1`] = `
Object {
  "identifier": "d",
}
`;
