// Jest Snapshot v1, https://goo.gl/fbAQLP

exports[`BinrDefinitionImporter, advanced parses example format definition 1`] = `
Definition {
  "_content": Array [
    StructDeclarationStatement {
      "_annotations": Array [],
      "_body": BlockStatement {
        "_content": Array [
          undefined,
          undefined,
          undefined,
          undefined,
        ],
      },
      "_name": "FileHeader",
      "_parameters": Array [],
    },
    StructDeclarationStatement {
      "_annotations": Array [],
      "_body": BlockStatement {
        "_content": Array [
          undefined,
          undefined,
          undefined,
          undefined,
          undefined,
          undefined,
          undefined,
          undefined,
          undefined,
          undefined,
          undefined,
        ],
      },
      "_name": "InfoHeader",
      "_parameters": Array [],
    },
    StructDeclarationStatement {
      "_annotations": Array [],
      "_body": BlockStatement {
        "_content": Array [
          undefined,
          undefined,
        ],
      },
      "_name": "BmpFile",
      "_parameters": Array [],
    },
  ],
}
`;

exports[`BinrDefinitionImporter, advanced parses example format definition 2`] = `
Definition {
  "_content": Array [
    EnumDeclarationStatement {
      "_annotations": Array [],
      "_baseType": RestrictedType {
        "_baseType": NamedType {
          "_array": false,
          "_modifiers": Array [],
          "_name": "uint",
        },
        "_size": 8,
      },
      "_declarations": Array [
        EnumDeclarationElement {
          "_expression": 0,
          "_name": "Posix",
        },
        EnumDeclarationElement {
          "_expression": 1,
          "_name": "Windows",
        },
        EnumDeclarationElement {
          "_expression": 2,
          "_name": "Dos",
        },
        EnumDeclarationElement {
          "_expression": 3,
          "_name": "DosWindows",
        },
      ],
      "_name": "FileNameType",
    },
    StructDeclarationStatement {
      "_annotations": Array [],
      "_body": BlockStatement {
        "_content": Array [
          undefined,
        ],
      },
      "_name": "FileEntry",
      "_parameters": Array [],
    },
  ],
}
`;
